<html>
<body>
<pre>
<h1>µVision Build Log</h1>
<h2>Project:</h2>
D:\Work\maliyu\MCU\STM\STM32F0\Development\STM32F0-SX1278\Project\Demonstration\MDK-ARM\STM32F0-Discovery_Demo.uvproj
Project File Date:  07/30/2014

<h2>Output:</h2>
Rebuild target 'Demo'
compiling system_stm32f0xx.c...
compiling main.c...
compiling stm32f0xx_it.c...
compiling stm32f0_discovery.c...
compiling stm32f0xx_syscfg.c...
compiling stm32f0xx_misc.c...
compiling stm32f0xx_adc.c...
compiling stm32f0xx_dac.c...
compiling stm32f0xx_dma.c...
compiling stm32f0xx_exti.c...
compiling stm32f0xx_flash.c...
compiling stm32f0xx_gpio.c...
compiling stm32f0xx_i2c.c...
compiling stm32f0xx_rcc.c...
compiling stm32f0xx_spi.c...
compiling stm32f0xx_tim.c...
assembling startup_stm32f0xx.s...
linking...
Program Size: Code=1540 RO-data=252 RW-data=36 ZI-data=1028  
".\Demo\Demo.axf" - 0 Error(s), 0 Warning(s).
Load "D:\\Work\\maliyu\\MCU\\STM\\STM32F0\\Development\\STM32F0-SX1278\\Project\\Demonstration\\MDK-ARM\\Demo\\Demo.axf" 
Erase Done.
Programming Done.
Verify OK.
Clean started: Project: 'STM32F0-Discovery_Demo'
   deleting intermediate output files for target 'Demo'
</pre>
</body>
</html>
